Copyright 1986-2020 Xilinx, Inc. All Rights Reserved.
-----------------------------------------------------------------------------------------------------------------------------------------------------------------------------------------------
| Tool Version : Vivado v.2020.2 (win64) Build 3064766 Wed Nov 18 09:12:45 MST 2020
| Date         : Sat May 30 17:55:25 2026
| Host         : DESKTOP-TFS416 running 64-bit major release  (build 9200)
| Command      : report_timing_summary -max_paths 10 -file vga_ctrl_timing_summary_routed.rpt -pb vga_ctrl_timing_summary_routed.pb -rpx vga_ctrl_timing_summary_routed.rpx -warn_on_violation
| Design       : vga_ctrl
| Device       : 7a100t-csg324
| Speed File   : -1  PRODUCTION 1.23 2018-06-13
-----------------------------------------------------------------------------------------------------------------------------------------------------------------------------------------------

Timing Summary Report

------------------------------------------------------------------------------------------------
| Timer Settings
| --------------
------------------------------------------------------------------------------------------------

  Enable Multi Corner Analysis               :  Yes
  Enable Pessimism Removal                   :  Yes
  Pessimism Removal Resolution               :  Nearest Common Node
  Enable Input Delay Default Clock           :  No
  Enable Preset / Clear Arcs                 :  No
  Disable Flight Delays                      :  No
  Ignore I/O Paths                           :  No
  Timing Early Launch at Borrowing Latches   :  No
  Borrow Time for Max Delay Exceptions       :  Yes
  Merge Timing Exceptions                    :  Yes

  Corner  Analyze    Analyze    
  Name    Max Paths  Min Paths  
  ------  ---------  ---------  
  Slow    Yes        Yes        
  Fast    Yes        Yes        



check_timing report

Table of Contents
-----------------
1. checking no_clock (1305)
2. checking constant_clock (0)
3. checking pulse_width_clock (0)
4. checking unconstrained_internal_endpoints (4866)
5. checking no_input_delay (2)
6. checking no_output_delay (16)
7. checking multiple_clock (0)
8. checking generated_clocks (0)
9. checking loops (0)
10. checking partial_input_delay (0)
11. checking partial_output_delay (0)
12. checking latch_loops (0)

1. checking no_clock (1305)
---------------------------
 There are 1305 register/latch pins with no clock driven by root clock pin: vga_clk_reg/Q (HIGH)


2. checking constant_clock (0)
------------------------------
 There are 0 register/latch pins with constant_clock.


3. checking pulse_width_clock (0)
---------------------------------
 There are 0 register/latch pins which need pulse_width check


4. checking unconstrained_internal_endpoints (4866)
---------------------------------------------------
 There are 4866 pins that are not constrained for maximum delay. (HIGH)

 There are 0 pins that are not constrained for maximum delay due to constant clock.


5. checking no_input_delay (2)
------------------------------
 There are 2 input ports with no input delay specified. (HIGH)

 There are 0 input ports with no input delay but user has a false path constraint.


6. checking no_output_delay (16)
--------------------------------
 There are 16 ports with no output delay specified. (HIGH)

 There are 0 ports with no output delay but user has a false path constraint

 There are 0 ports with no output delay but with a timing clock defined on it or propagating through it


7. checking multiple_clock (0)
------------------------------
 There are 0 register/latch pins with multiple clocks.


8. checking generated_clocks (0)
--------------------------------
 There are 0 generated clocks that are not connected to a clock source.


9. checking loops (0)
---------------------
 There are 0 combinational loops in the design.


10. checking partial_input_delay (0)
------------------------------------
 There are 0 input ports with partial input delay specified.


11. checking partial_output_delay (0)
-------------------------------------
 There are 0 ports with partial output delay specified.


12. checking latch_loops (0)
----------------------------
 There are 0 combinational latch loops in the design through latch input



------------------------------------------------------------------------------------------------
| Design Timing Summary
| ---------------------
------------------------------------------------------------------------------------------------

    WNS(ns)      TNS(ns)  TNS Failing Endpoints  TNS Total Endpoints      WHS(ns)      THS(ns)  THS Failing Endpoints  THS Total Endpoints     WPWS(ns)     TPWS(ns)  TPWS Failing Endpoints  TPWS Total Endpoints  
    -------      -------  ---------------------  -------------------      -------      -------  ---------------------  -------------------     --------     --------  ----------------------  --------------------  
      8.367        0.000                      0                    3        0.284        0.000                      0                    3        4.500        0.000                       0                     4  


All user specified timing constraints are met.


------------------------------------------------------------------------------------------------
| Clock Summary
| -------------
------------------------------------------------------------------------------------------------

Clock        Waveform(ns)       Period(ns)      Frequency(MHz)
-----        ------------       ----------      --------------
sys_clk_pin  {0.000 5.000}      10.000          100.000         


------------------------------------------------------------------------------------------------
| Intra Clock Table
| -----------------
------------------------------------------------------------------------------------------------

Clock             WNS(ns)      TNS(ns)  TNS Failing Endpoints  TNS Total Endpoints      WHS(ns)      THS(ns)  THS Failing Endpoints  THS Total Endpoints     WPWS(ns)     TPWS(ns)  TPWS Failing Endpoints  TPWS Total Endpoints  
-----             -------      -------  ---------------------  -------------------      -------      -------  ---------------------  -------------------     --------     --------  ----------------------  --------------------  
sys_clk_pin         8.367        0.000                      0                    3        0.284        0.000                      0                    3        4.500        0.000                       0                     4  


------------------------------------------------------------------------------------------------
| Inter Clock Table
| -----------------
------------------------------------------------------------------------------------------------

From Clock    To Clock          WNS(ns)      TNS(ns)  TNS Failing Endpoints  TNS Total Endpoints      WHS(ns)      THS(ns)  THS Failing Endpoints  THS Total Endpoints  
----------    --------          -------      -------  ---------------------  -------------------      -------      -------  ---------------------  -------------------  


------------------------------------------------------------------------------------------------
| Other Path Groups Table
| -----------------------
------------------------------------------------------------------------------------------------

Path Group    From Clock    To Clock          WNS(ns)      TNS(ns)  TNS Failing Endpoints  TNS Total Endpoints      WHS(ns)      THS(ns)  THS Failing Endpoints  THS Total Endpoints  
----------    ----------    --------          -------      -------  ---------------------  -------------------      -------      -------  ---------------------  -------------------  


------------------------------------------------------------------------------------------------
| Timing Details
| --------------
------------------------------------------------------------------------------------------------


---------------------------------------------------------------------------------------------------
From Clock:  sys_clk_pin
  To Clock:  sys_clk_pin

Setup :            0  Failing Endpoints,  Worst Slack        8.367ns,  Total Violation        0.000ns
Hold  :            0  Failing Endpoints,  Worst Slack        0.284ns,  Total Violation        0.000ns
PW    :            0  Failing Endpoints,  Worst Slack        4.500ns,  Total Violation        0.000ns
---------------------------------------------------------------------------------------------------


Max Delay Paths
--------------------------------------------------------------------------------------
Slack (MET) :             8.367ns  (required time - arrival time)
  Source:                 clk_div_cnt_reg[1]/C
                            (rising edge-triggered cell FDRE clocked by sys_clk_pin  {rise@0.000ns fall@5.000ns period=10.000ns})
  Destination:            clk_div_cnt_reg[1]/D
                            (rising edge-triggered cell FDRE clocked by sys_clk_pin  {rise@0.000ns fall@5.000ns period=10.000ns})
  Path Group:             sys_clk_pin
  Path Type:              Setup (Max at Slow Process Corner)
  Requirement:            10.000ns  (sys_clk_pin rise@10.000ns - sys_clk_pin rise@0.000ns)
  Data Path Delay:        1.675ns  (logic 0.642ns (38.328%)  route 1.033ns (61.672%))
  Logic Levels:           1  (LUT2=1)
  Clock Path Skew:        0.000ns (DCD - SCD + CPR)
    Destination Clock Delay (DCD):    4.922ns = ( 14.922 - 10.000 ) 
    Source Clock Delay      (SCD):    5.222ns
    Clock Pessimism Removal (CPR):    0.300ns
  Clock Uncertainty:      0.035ns  ((TSJ^2 + TIJ^2)^1/2 + DJ) / 2 + PE
    Total System Jitter     (TSJ):    0.071ns
    Total Input Jitter      (TIJ):    0.000ns
    Discrete Jitter          (DJ):    0.000ns
    Phase Error              (PE):    0.000ns

    Location             Delay type                Incr(ns)  Path(ns)    Netlist Resource(s)
  -------------------------------------------------------------------    -------------------
                         (clock sys_clk_pin rise edge)
                                                      0.000     0.000 r  
    E3                                                0.000     0.000 r  CLK_I (IN)
                         net (fo=0)                   0.000     0.000    CLK_I
    E3                   IBUF (Prop_ibuf_I_O)         1.482     1.482 r  CLK_I_IBUF_inst/O
                         net (fo=1, routed)           2.025     3.506    CLK_I_IBUF
    BUFGCTRL_X0Y16       BUFG (Prop_bufg_I_O)         0.096     3.602 r  CLK_I_IBUF_BUFG_inst/O
                         net (fo=3, routed)           1.620     5.222    CLK_I_IBUF_BUFG
    SLICE_X42Y101        FDRE                                         r  clk_div_cnt_reg[1]/C
  -------------------------------------------------------------------    -------------------
    SLICE_X42Y101        FDRE (Prop_fdre_C_Q)         0.518     5.740 r  clk_div_cnt_reg[1]/Q
                         net (fo=2, routed)           1.033     6.773    clk_div_cnt[1]
    SLICE_X42Y101        LUT2 (Prop_lut2_I1_O)        0.124     6.897 r  clk_div_cnt[1]_i_1/O
                         net (fo=1, routed)           0.000     6.897    clk_div_cnt[1]_i_1_n_0
    SLICE_X42Y101        FDRE                                         r  clk_div_cnt_reg[1]/D
  -------------------------------------------------------------------    -------------------

                         (clock sys_clk_pin rise edge)
                                                     10.000    10.000 r  
    E3                                                0.000    10.000 r  CLK_I (IN)
                         net (fo=0)                   0.000    10.000    CLK_I
    E3                   IBUF (Prop_ibuf_I_O)         1.411    11.411 r  CLK_I_IBUF_inst/O
                         net (fo=1, routed)           1.920    13.331    CLK_I_IBUF
    BUFGCTRL_X0Y16       BUFG (Prop_bufg_I_O)         0.091    13.422 r  CLK_I_IBUF_BUFG_inst/O
                         net (fo=3, routed)           1.500    14.922    CLK_I_IBUF_BUFG
    SLICE_X42Y101        FDRE                                         r  clk_div_cnt_reg[1]/C
                         clock pessimism              0.300    15.222    
                         clock uncertainty           -0.035    15.187    
    SLICE_X42Y101        FDRE (Setup_fdre_C_D)        0.077    15.264    clk_div_cnt_reg[1]
  -------------------------------------------------------------------
                         required time                         15.264    
                         arrival time                          -6.897    
  -------------------------------------------------------------------
                         slack                                  8.367    

Slack (MET) :             8.382ns  (required time - arrival time)
  Source:                 clk_div_cnt_reg[1]/C
                            (rising edge-triggered cell FDRE clocked by sys_clk_pin  {rise@0.000ns fall@5.000ns period=10.000ns})
  Destination:            vga_clk_reg/D
                            (rising edge-triggered cell FDRE clocked by sys_clk_pin  {rise@0.000ns fall@5.000ns period=10.000ns})
  Path Group:             sys_clk_pin
  Path Type:              Setup (Max at Slow Process Corner)
  Requirement:            10.000ns  (sys_clk_pin rise@10.000ns - sys_clk_pin rise@0.000ns)
  Data Path Delay:        1.701ns  (logic 0.668ns (39.270%)  route 1.033ns (60.730%))
  Logic Levels:           1  (LUT3=1)
  Clock Path Skew:        0.000ns (DCD - SCD + CPR)
    Destination Clock Delay (DCD):    4.922ns = ( 14.922 - 10.000 ) 
    Source Clock Delay      (SCD):    5.222ns
    Clock Pessimism Removal (CPR):    0.300ns
  Clock Uncertainty:      0.035ns  ((TSJ^2 + TIJ^2)^1/2 + DJ) / 2 + PE
    Total System Jitter     (TSJ):    0.071ns
    Total Input Jitter      (TIJ):    0.000ns
    Discrete Jitter          (DJ):    0.000ns
    Phase Error              (PE):    0.000ns

    Location             Delay type                Incr(ns)  Path(ns)    Netlist Resource(s)
  -------------------------------------------------------------------    -------------------
                         (clock sys_clk_pin rise edge)
                                                      0.000     0.000 r  
    E3                                                0.000     0.000 r  CLK_I (IN)
                         net (fo=0)                   0.000     0.000    CLK_I
    E3                   IBUF (Prop_ibuf_I_O)         1.482     1.482 r  CLK_I_IBUF_inst/O
                         net (fo=1, routed)           2.025     3.506    CLK_I_IBUF
    BUFGCTRL_X0Y16       BUFG (Prop_bufg_I_O)         0.096     3.602 r  CLK_I_IBUF_BUFG_inst/O
                         net (fo=3, routed)           1.620     5.222    CLK_I_IBUF_BUFG
    SLICE_X42Y101        FDRE                                         r  clk_div_cnt_reg[1]/C
  -------------------------------------------------------------------    -------------------
    SLICE_X42Y101        FDRE (Prop_fdre_C_Q)         0.518     5.740 r  clk_div_cnt_reg[1]/Q
                         net (fo=2, routed)           1.033     6.773    clk_div_cnt[1]
    SLICE_X42Y101        LUT3 (Prop_lut3_I0_O)        0.150     6.923 r  vga_clk_i_1/O
                         net (fo=1, routed)           0.000     6.923    vga_clk_i_1_n_0
    SLICE_X42Y101        FDRE                                         r  vga_clk_reg/D
  -------------------------------------------------------------------    -------------------

                         (clock sys_clk_pin rise edge)
                                                     10.000    10.000 r  
    E3                                                0.000    10.000 r  CLK_I (IN)
                         net (fo=0)                   0.000    10.000    CLK_I
    E3                   IBUF (Prop_ibuf_I_O)         1.411    11.411 r  CLK_I_IBUF_inst/O
                         net (fo=1, routed)           1.920    13.331    CLK_I_IBUF
    BUFGCTRL_X0Y16       BUFG (Prop_bufg_I_O)         0.091    13.422 r  CLK_I_IBUF_BUFG_inst/O
                         net (fo=3, routed)           1.500    14.922    CLK_I_IBUF_BUFG
    SLICE_X42Y101        FDRE                                         r  vga_clk_reg/C
                         clock pessimism              0.300    15.222    
                         clock uncertainty           -0.035    15.187    
    SLICE_X42Y101        FDRE (Setup_fdre_C_D)        0.118    15.305    vga_clk_reg
  -------------------------------------------------------------------
                         required time                         15.305    
                         arrival time                          -6.923    
  -------------------------------------------------------------------
                         slack                                  8.382    

Slack (MET) :             8.739ns  (required time - arrival time)
  Source:                 clk_div_cnt_reg[0]/C
                            (rising edge-triggered cell FDRE clocked by sys_clk_pin  {rise@0.000ns fall@5.000ns period=10.000ns})
  Destination:            clk_div_cnt_reg[0]/D
                            (rising edge-triggered cell FDRE clocked by sys_clk_pin  {rise@0.000ns fall@5.000ns period=10.000ns})
  Path Group:             sys_clk_pin
  Path Type:              Setup (Max at Slow Process Corner)
  Requirement:            10.000ns  (sys_clk_pin rise@10.000ns - sys_clk_pin rise@0.000ns)
  Data Path Delay:        1.306ns  (logic 0.642ns (49.150%)  route 0.664ns (50.850%))
  Logic Levels:           1  (LUT1=1)
  Clock Path Skew:        0.000ns (DCD - SCD + CPR)
    Destination Clock Delay (DCD):    4.922ns = ( 14.922 - 10.000 ) 
    Source Clock Delay      (SCD):    5.222ns
    Clock Pessimism Removal (CPR):    0.300ns
  Clock Uncertainty:      0.035ns  ((TSJ^2 + TIJ^2)^1/2 + DJ) / 2 + PE
    Total System Jitter     (TSJ):    0.071ns
    Total Input Jitter      (TIJ):    0.000ns
    Discrete Jitter          (DJ):    0.000ns
    Phase Error              (PE):    0.000ns

    Location             Delay type                Incr(ns)  Path(ns)    Netlist Resource(s)
  -------------------------------------------------------------------    -------------------
                         (clock sys_clk_pin rise edge)
                                                      0.000     0.000 r  
    E3                                                0.000     0.000 r  CLK_I (IN)
                         net (fo=0)                   0.000     0.000    CLK_I
    E3                   IBUF (Prop_ibuf_I_O)         1.482     1.482 r  CLK_I_IBUF_inst/O
                         net (fo=1, routed)           2.025     3.506    CLK_I_IBUF
    BUFGCTRL_X0Y16       BUFG (Prop_bufg_I_O)         0.096     3.602 r  CLK_I_IBUF_BUFG_inst/O
                         net (fo=3, routed)           1.620     5.222    CLK_I_IBUF_BUFG
    SLICE_X42Y101        FDRE                                         r  clk_div_cnt_reg[0]/C
  -------------------------------------------------------------------    -------------------
    SLICE_X42Y101        FDRE (Prop_fdre_C_Q)         0.518     5.740 f  clk_div_cnt_reg[0]/Q
                         net (fo=3, routed)           0.664     6.405    clk_div_cnt[0]
    SLICE_X42Y101        LUT1 (Prop_lut1_I0_O)        0.124     6.529 r  clk_div_cnt[0]_i_1/O
                         net (fo=1, routed)           0.000     6.529    clk_div_cnt[0]_i_1_n_0
    SLICE_X42Y101        FDRE                                         r  clk_div_cnt_reg[0]/D
  -------------------------------------------------------------------    -------------------

                         (clock sys_clk_pin rise edge)
                                                     10.000    10.000 r  
    E3                                                0.000    10.000 r  CLK_I (IN)
                         net (fo=0)                   0.000    10.000    CLK_I
    E3                   IBUF (Prop_ibuf_I_O)         1.411    11.411 r  CLK_I_IBUF_inst/O
                         net (fo=1, routed)           1.920    13.331    CLK_I_IBUF
    BUFGCTRL_X0Y16       BUFG (Prop_bufg_I_O)         0.091    13.422 r  CLK_I_IBUF_BUFG_inst/O
                         net (fo=3, routed)           1.500    14.922    CLK_I_IBUF_BUFG
    SLICE_X42Y101        FDRE                                         r  clk_div_cnt_reg[0]/C
                         clock pessimism              0.300    15.222    
                         clock uncertainty           -0.035    15.187    
    SLICE_X42Y101        FDRE (Setup_fdre_C_D)        0.081    15.268    clk_div_cnt_reg[0]
  -------------------------------------------------------------------
                         required time                         15.268    
                         arrival time                          -6.529    
  -------------------------------------------------------------------
                         slack                                  8.739    





Min Delay Paths
--------------------------------------------------------------------------------------
Slack (MET) :             0.284ns  (arrival time - required time)
  Source:                 vga_clk_reg/C
                            (rising edge-triggered cell FDRE clocked by sys_clk_pin  {rise@0.000ns fall@5.000ns period=10.000ns})
  Destination:            vga_clk_reg/D
                            (rising edge-triggered cell FDRE clocked by sys_clk_pin  {rise@0.000ns fall@5.000ns period=10.000ns})
  Path Group:             sys_clk_pin
  Path Type:              Hold (Min at Fast Process Corner)
  Requirement:            0.000ns  (sys_clk_pin rise@0.000ns - sys_clk_pin rise@0.000ns)
  Data Path Delay:        0.415ns  (logic 0.249ns (59.981%)  route 0.166ns (40.019%))
  Logic Levels:           1  (LUT3=1)
  Clock Path Skew:        0.000ns (DCD - SCD - CPR)
    Destination Clock Delay (DCD):    1.998ns
    Source Clock Delay      (SCD):    1.482ns
    Clock Pessimism Removal (CPR):    0.515ns

    Location             Delay type                Incr(ns)  Path(ns)    Netlist Resource(s)
  -------------------------------------------------------------------    -------------------
                         (clock sys_clk_pin rise edge)
                                                      0.000     0.000 r  
    E3                                                0.000     0.000 r  CLK_I (IN)
                         net (fo=0)                   0.000     0.000    CLK_I
    E3                   IBUF (Prop_ibuf_I_O)         0.250     0.250 r  CLK_I_IBUF_inst/O
                         net (fo=1, routed)           0.644     0.894    CLK_I_IBUF
    BUFGCTRL_X0Y16       BUFG (Prop_bufg_I_O)         0.026     0.920 r  CLK_I_IBUF_BUFG_inst/O
                         net (fo=3, routed)           0.563     1.482    CLK_I_IBUF_BUFG
    SLICE_X42Y101        FDRE                                         r  vga_clk_reg/C
  -------------------------------------------------------------------    -------------------
    SLICE_X42Y101        FDRE (Prop_fdre_C_Q)         0.148     1.630 r  vga_clk_reg/Q
                         net (fo=2, routed)           0.166     1.797    vga_clk
    SLICE_X42Y101        LUT3 (Prop_lut3_I2_O)        0.101     1.898 r  vga_clk_i_1/O
                         net (fo=1, routed)           0.000     1.898    vga_clk_i_1_n_0
    SLICE_X42Y101        FDRE                                         r  vga_clk_reg/D
  -------------------------------------------------------------------    -------------------

                         (clock sys_clk_pin rise edge)
                                                      0.000     0.000 r  
    E3                                                0.000     0.000 r  CLK_I (IN)
                         net (fo=0)                   0.000     0.000    CLK_I
    E3                   IBUF (Prop_ibuf_I_O)         0.438     0.438 r  CLK_I_IBUF_inst/O
                         net (fo=1, routed)           0.699     1.136    CLK_I_IBUF
    BUFGCTRL_X0Y16       BUFG (Prop_bufg_I_O)         0.029     1.165 r  CLK_I_IBUF_BUFG_inst/O
                         net (fo=3, routed)           0.833     1.998    CLK_I_IBUF_BUFG
    SLICE_X42Y101        FDRE                                         r  vga_clk_reg/C
                         clock pessimism             -0.515     1.482    
    SLICE_X42Y101        FDRE (Hold_fdre_C_D)         0.131     1.613    vga_clk_reg
  -------------------------------------------------------------------
                         required time                         -1.613    
                         arrival time                           1.898    
  -------------------------------------------------------------------
                         slack                                  0.284    

Slack (MET) :             0.320ns  (arrival time - required time)
  Source:                 clk_div_cnt_reg[0]/C
                            (rising edge-triggered cell FDRE clocked by sys_clk_pin  {rise@0.000ns fall@5.000ns period=10.000ns})
  Destination:            clk_div_cnt_reg[0]/D
                            (rising edge-triggered cell FDRE clocked by sys_clk_pin  {rise@0.000ns fall@5.000ns period=10.000ns})
  Path Group:             sys_clk_pin
  Path Type:              Hold (Min at Fast Process Corner)
  Requirement:            0.000ns  (sys_clk_pin rise@0.000ns - sys_clk_pin rise@0.000ns)
  Data Path Delay:        0.441ns  (logic 0.209ns (47.370%)  route 0.232ns (52.630%))
  Logic Levels:           1  (LUT1=1)
  Clock Path Skew:        0.000ns (DCD - SCD - CPR)
    Destination Clock Delay (DCD):    1.998ns
    Source Clock Delay      (SCD):    1.482ns
    Clock Pessimism Removal (CPR):    0.515ns

    Location             Delay type                Incr(ns)  Path(ns)    Netlist Resource(s)
  -------------------------------------------------------------------    -------------------
                         (clock sys_clk_pin rise edge)
                                                      0.000     0.000 r  
    E3                                                0.000     0.000 r  CLK_I (IN)
                         net (fo=0)                   0.000     0.000    CLK_I
    E3                   IBUF (Prop_ibuf_I_O)         0.250     0.250 r  CLK_I_IBUF_inst/O
                         net (fo=1, routed)           0.644     0.894    CLK_I_IBUF
    BUFGCTRL_X0Y16       BUFG (Prop_bufg_I_O)         0.026     0.920 r  CLK_I_IBUF_BUFG_inst/O
                         net (fo=3, routed)           0.563     1.482    CLK_I_IBUF_BUFG
    SLICE_X42Y101        FDRE                                         r  clk_div_cnt_reg[0]/C
  -------------------------------------------------------------------    -------------------
    SLICE_X42Y101        FDRE (Prop_fdre_C_Q)         0.164     1.646 f  clk_div_cnt_reg[0]/Q
                         net (fo=3, routed)           0.232     1.879    clk_div_cnt[0]
    SLICE_X42Y101        LUT1 (Prop_lut1_I0_O)        0.045     1.924 r  clk_div_cnt[0]_i_1/O
                         net (fo=1, routed)           0.000     1.924    clk_div_cnt[0]_i_1_n_0
    SLICE_X42Y101        FDRE                                         r  clk_div_cnt_reg[0]/D
  -------------------------------------------------------------------    -------------------

                         (clock sys_clk_pin rise edge)
                                                      0.000     0.000 r  
    E3                                                0.000     0.000 r  CLK_I (IN)
                         net (fo=0)                   0.000     0.000    CLK_I
    E3                   IBUF (Prop_ibuf_I_O)         0.438     0.438 r  CLK_I_IBUF_inst/O
                         net (fo=1, routed)           0.699     1.136    CLK_I_IBUF
    BUFGCTRL_X0Y16       BUFG (Prop_bufg_I_O)         0.029     1.165 r  CLK_I_IBUF_BUFG_inst/O
                         net (fo=3, routed)           0.833     1.998    CLK_I_IBUF_BUFG
    SLICE_X42Y101        FDRE                                         r  clk_div_cnt_reg[0]/C
                         clock pessimism             -0.515     1.482    
    SLICE_X42Y101        FDRE (Hold_fdre_C_D)         0.121     1.603    clk_div_cnt_reg[0]
  -------------------------------------------------------------------
                         required time                         -1.603    
                         arrival time                           1.924    
  -------------------------------------------------------------------
                         slack                                  0.320    

Slack (MET) :             0.323ns  (arrival time - required time)
  Source:                 clk_div_cnt_reg[0]/C
                            (rising edge-triggered cell FDRE clocked by sys_clk_pin  {rise@0.000ns fall@5.000ns period=10.000ns})
  Destination:            clk_div_cnt_reg[1]/D
                            (rising edge-triggered cell FDRE clocked by sys_clk_pin  {rise@0.000ns fall@5.000ns period=10.000ns})
  Path Group:             sys_clk_pin
  Path Type:              Hold (Min at Fast Process Corner)
  Requirement:            0.000ns  (sys_clk_pin rise@0.000ns - sys_clk_pin rise@0.000ns)
  Data Path Delay:        0.443ns  (logic 0.209ns (47.156%)  route 0.234ns (52.844%))
  Logic Levels:           1  (LUT2=1)
  Clock Path Skew:        0.000ns (DCD - SCD - CPR)
    Destination Clock Delay (DCD):    1.998ns
    Source Clock Delay      (SCD):    1.482ns
    Clock Pessimism Removal (CPR):    0.515ns

    Location             Delay type                Incr(ns)  Path(ns)    Netlist Resource(s)
  -------------------------------------------------------------------    -------------------
                         (clock sys_clk_pin rise edge)
                                                      0.000     0.000 r  
    E3                                                0.000     0.000 r  CLK_I (IN)
                         net (fo=0)                   0.000     0.000    CLK_I
    E3                   IBUF (Prop_ibuf_I_O)         0.250     0.250 r  CLK_I_IBUF_inst/O
                         net (fo=1, routed)           0.644     0.894    CLK_I_IBUF
    BUFGCTRL_X0Y16       BUFG (Prop_bufg_I_O)         0.026     0.920 r  CLK_I_IBUF_BUFG_inst/O
                         net (fo=3, routed)           0.563     1.482    CLK_I_IBUF_BUFG
    SLICE_X42Y101        FDRE                                         r  clk_div_cnt_reg[0]/C
  -------------------------------------------------------------------    -------------------
    SLICE_X42Y101        FDRE (Prop_fdre_C_Q)         0.164     1.646 r  clk_div_cnt_reg[0]/Q
                         net (fo=3, routed)           0.234     1.881    clk_div_cnt[0]
    SLICE_X42Y101        LUT2 (Prop_lut2_I0_O)        0.045     1.926 r  clk_div_cnt[1]_i_1/O
                         net (fo=1, routed)           0.000     1.926    clk_div_cnt[1]_i_1_n_0
    SLICE_X42Y101        FDRE                                         r  clk_div_cnt_reg[1]/D
  -------------------------------------------------------------------    -------------------

                         (clock sys_clk_pin rise edge)
                                                      0.000     0.000 r  
    E3                                                0.000     0.000 r  CLK_I (IN)
                         net (fo=0)                   0.000     0.000    CLK_I
    E3                   IBUF (Prop_ibuf_I_O)         0.438     0.438 r  CLK_I_IBUF_inst/O
                         net (fo=1, routed)           0.699     1.136    CLK_I_IBUF
    BUFGCTRL_X0Y16       BUFG (Prop_bufg_I_O)         0.029     1.165 r  CLK_I_IBUF_BUFG_inst/O
                         net (fo=3, routed)           0.833     1.998    CLK_I_IBUF_BUFG
    SLICE_X42Y101        FDRE                                         r  clk_div_cnt_reg[1]/C
                         clock pessimism             -0.515     1.482    
    SLICE_X42Y101        FDRE (Hold_fdre_C_D)         0.120     1.602    clk_div_cnt_reg[1]
  -------------------------------------------------------------------
                         required time                         -1.602    
                         arrival time                           1.926    
  -------------------------------------------------------------------
                         slack                                  0.323    





Pulse Width Checks
--------------------------------------------------------------------------------------
Clock Name:         sys_clk_pin
Waveform(ns):       { 0.000 5.000 }
Period(ns):         10.000
Sources:            { CLK_I }

Check Type        Corner  Lib Pin  Reference Pin  Required(ns)  Actual(ns)  Slack(ns)  Location        Pin
Min Period        n/a     BUFG/I   n/a            2.155         10.000      7.845      BUFGCTRL_X0Y16  CLK_I_IBUF_BUFG_inst/I
Min Period        n/a     FDRE/C   n/a            1.000         10.000      9.000      SLICE_X42Y101   vga_clk_reg/C
Min Period        n/a     FDRE/C   n/a            1.000         10.000      9.000      SLICE_X42Y101   clk_div_cnt_reg[0]/C
Min Period        n/a     FDRE/C   n/a            1.000         10.000      9.000      SLICE_X42Y101   clk_div_cnt_reg[1]/C
Low Pulse Width   Fast    FDRE/C   n/a            0.500         5.000       4.500      SLICE_X42Y101   vga_clk_reg/C
Low Pulse Width   Fast    FDRE/C   n/a            0.500         5.000       4.500      SLICE_X42Y101   clk_div_cnt_reg[0]/C
Low Pulse Width   Fast    FDRE/C   n/a            0.500         5.000       4.500      SLICE_X42Y101   clk_div_cnt_reg[1]/C
Low Pulse Width   Slow    FDRE/C   n/a            0.500         5.000       4.500      SLICE_X42Y101   vga_clk_reg/C
Low Pulse Width   Slow    FDRE/C   n/a            0.500         5.000       4.500      SLICE_X42Y101   clk_div_cnt_reg[0]/C
Low Pulse Width   Slow    FDRE/C   n/a            0.500         5.000       4.500      SLICE_X42Y101   clk_div_cnt_reg[1]/C
High Pulse Width  Slow    FDRE/C   n/a            0.500         5.000       4.500      SLICE_X42Y101   vga_clk_reg/C
High Pulse Width  Fast    FDRE/C   n/a            0.500         5.000       4.500      SLICE_X42Y101   vga_clk_reg/C
High Pulse Width  Slow    FDRE/C   n/a            0.500         5.000       4.500      SLICE_X42Y101   clk_div_cnt_reg[0]/C
High Pulse Width  Fast    FDRE/C   n/a            0.500         5.000       4.500      SLICE_X42Y101   clk_div_cnt_reg[0]/C
High Pulse Width  Slow    FDRE/C   n/a            0.500         5.000       4.500      SLICE_X42Y101   clk_div_cnt_reg[1]/C
High Pulse Width  Fast    FDRE/C   n/a            0.500         5.000       4.500      SLICE_X42Y101   clk_div_cnt_reg[1]/C



